> Task :app:clean
> Task :app:preBuild UP-TO-DATE
> Task :app:preDebugBuild UP-TO-DATE
> Task :app:mergeDebugNativeDebugMetadata NO-SOURCE
> Task :app:dataBindingMergeDependencyArtifactsDebug
> Task :app:generateDebugResValues
> Task :app:generateDebugResources
> Task :app:processDebugGoogleServices
> Task :app:mergeDebugResources
> Task :app:packageDebugResources
> Task :app:processDebugNavigationResources
> Task :app:generateDebugBuildConfig
> Task :app:javaPreCompileDebug
> Task :app:checkDebugAarMetadata
> Task :app:compileDebugNavigationResources
> Task :app:mapDebugSourceSetPaths
> Task :app:createDebugCompatibleScreenManifests
> Task :app:extractDeepLinksDebug
> Task :app:parseDebugLocalResources
> Task :app:processDebugMainManifest
> Task :app:dataBindingGenBaseClassesDebug
> Task :app:processDebugManifest
> Task :app:mergeDebugShaders
> Task :app:compileDebugShaders NO-SOURCE
> Task :app:generateDebugAssets UP-TO-DATE
> Task :app:mergeDebugAssets
> Task :app:compressDebugAssets
> Task :app:desugarDebugFileDependencies
> Task :app:mergeDebugJniLibFolders
> Task :app:mergeDebugNativeLibs NO-SOURCE
> Task :app:stripDebugDebugSymbols NO-SOURCE
> Task :app:processDebugManifestForPackage
> Task :app:checkDebugDuplicateClasses
> Task :app:validateSigningDebug
> Task :app:writeDebugAppMetadata
> Task :app:writeDebugSigningConfigVersions
> Task :app:preReleaseBuild UP-TO-DATE
> Task :app:mergeLibDexDebug
> Task :app:mergeReleaseJniLibFolders
> Task :app:mergeReleaseNativeLibs NO-SOURCE
> Task :app:stripReleaseDebugSymbols NO-SOURCE
> Task :app:extractReleaseNativeSymbolTables NO-SOURCE
> Task :app:mergeReleaseNativeDebugMetadata NO-SOURCE
> Task :app:checkReleaseDuplicateClasses
> Task :app:dataBindingMergeDependencyArtifactsRelease
> Task :app:generateReleaseResValues
> Task :app:generateReleaseResources
> Task :app:processReleaseGoogleServices
> Task :app:processDebugResources
> Task :app:mergeReleaseResources
> Task :app:mergeExtDexDebug

> Task :app:compileDebugJavaWithJavac
F:\Document\Android\FinalAndroidProject\app\src\main\java\com\example\healthylifehub\data\model\User.java:29: warning: There are multiple good constructors and Room will pick the no-arg constructor. You can use the @Ignore annotation to eliminate unwanted constructors.
public class User {
       ^
F:\Document\Android\FinalAndroidProject\app\src\main\java\com\example\healthylifehub\data\model\HealthMetric.java:31: warning: There are multiple good constructors and Room will pick the no-arg constructor. You can use the @Ignore annotation to eliminate unwanted constructors.
public class HealthMetric {
       ^
F:\Document\Android\FinalAndroidProject\app\src\main\java\com\example\healthylifehub\data\model\Reminder.java:21: warning: There are multiple good constructors and Room will pick the no-arg constructor. You can use the @Ignore annotation to eliminate unwanted constructors.
public class Reminder {
       ^
F:\Document\Android\FinalAndroidProject\app\src\main\java\com\example\healthylifehub\data\model\SyncStatus.java:19: warning: There are multiple good constructors and Room will pick the no-arg constructor. You can use the @Ignore annotation to eliminate unwanted constructors.
public class SyncStatus {
       ^
F:\Document\Android\FinalAndroidProject\app\src\main\java\com\example\healthylifehub\data\model\MedicalRecord.java:16: warning: There are multiple good constructors and Room will pick the no-arg constructor. You can use the @Ignore annotation to eliminate unwanted constructors.
public class MedicalRecord {
       ^
F:\Document\Android\FinalAndroidProject\app\src\main\java\com\example\healthylifehub\data\model\User.java:29: warning: There are multiple good constructors and Room will pick the no-arg constructor. You can use the @Ignore annotation to eliminate unwanted constructors.
public class User {
       ^
F:\Document\Android\FinalAndroidProject\app\src\main\java\com\example\healthylifehub\data\model\HealthMetric.java:31: warning: There are multiple good constructors and Room will pick the no-arg constructor. You can use the @Ignore annotation to eliminate unwanted constructors.
public class HealthMetric {
       ^
F:\Document\Android\FinalAndroidProject\app\src\main\java\com\example\healthylifehub\data\model\Reminder.java:21: warning: There are multiple good constructors and Room will pick the no-arg constructor. You can use the @Ignore annotation to eliminate unwanted constructors.
public class Reminder {
       ^
F:\Document\Android\FinalAndroidProject\app\src\main\java\com\example\healthylifehub\data\model\SyncStatus.java:19: warning: There are multiple good constructors and Room will pick the no-arg constructor. You can use the @Ignore annotation to eliminate unwanted constructors.
public class SyncStatus {
       ^
F:\Document\Android\FinalAndroidProject\app\src\main\java\com\example\healthylifehub\data\model\MedicalRecord.java:16: warning: There are multiple good constructors and Room will pick the no-arg constructor. You can use the @Ignore annotation to eliminate unwanted constructors.
public class MedicalRecord {
       ^
Note: Some input files use or override a deprecated API.
Note: Recompile with -Xlint:deprecation for details.
Note: Some input files use unchecked or unsafe operations.
Note: Recompile with -Xlint:unchecked for details.
10 warnings

> Task :app:processDebugJavaRes
> Task :app:mergeDebugJavaResource
> Task :app:dexBuilderDebug
> Task :app:mergeProjectDexDebug
> Task :app:packageReleaseResources
> Task :app:processReleaseNavigationResources
> Task :app:generateReleaseBuildConfig
> Task :app:javaPreCompileRelease
> Task :app:checkReleaseAarMetadata
> Task :app:compileReleaseNavigationResources
> Task :app:mapReleaseSourceSetPaths
> Task :app:createReleaseCompatibleScreenManifests
> Task :app:extractDeepLinksRelease
> Task :app:processReleaseMainManifest
> Task :app:processReleaseManifest
> Task :app:parseReleaseLocalResources
> Task :app:desugarReleaseFileDependencies
> Task :app:dataBindingGenBaseClassesRelease
> Task :app:mergeReleaseStartupProfile UP-TO-DATE
> Task :app:mergeReleaseArtProfile
> Task :app:mergeReleaseShaders
> Task :app:compileReleaseShaders NO-SOURCE
> Task :app:generateReleaseAssets UP-TO-DATE
> Task :app:mergeReleaseAssets
> Task :app:compressReleaseAssets
> Task :app:extractReleaseVersionControlInfo
> Task :app:extractProguardFiles
> Task :app:collectReleaseDependencies
> Task :app:sdkReleaseDependencyData
> Task :app:writeReleaseAppMetadata
> Task :app:writeReleaseSigningConfigVersions
> Task :app:preDebugAndroidTestBuild SKIPPED
> Task :app:generateDebugAndroidTestResValues
> Task :app:bundleDebugClassesToCompileJar
> Task :app:generateDebugLintReportModel
> Task :app:generateDebugAndroidTestLintModel
> Task :app:preDebugUnitTestBuild UP-TO-DATE
> Task :app:generateDebugUnitTestLintModel
> Task :app:packageDebug
> Task :app:createDebugApkListingFileRedirect
> Task :app:assembleDebug
> Task :app:javaPreCompileDebugUnitTest
> Task :app:processDebugUnitTestJavaRes NO-SOURCE
> Task :app:bundleDebugClassesToRuntimeJar
> Task :app:compileDebugUnitTestJavaWithJavac
> Task :app:mergeExtDexRelease
> Task :app:testDebugUnitTest
> Task :app:preReleaseUnitTestBuild UP-TO-DATE
> Task :app:javaPreCompileReleaseUnitTest
> Task :app:processReleaseUnitTestJavaRes NO-SOURCE
> Task :app:processReleaseManifestForPackage
> Task :app:processReleaseResources

F:\Document\Android\FinalAndroidProject\app\src\main\java\com\example\healthylifehub\data\model\User.java:29: warning: There are multiple good constructors and Room will pick the no-arg constructor. You can use the @Ignore annotation to eliminate unwanted constructors.
public class User {
       ^
> Task :app:compileReleaseJavaWithJavac
F:\Document\Android\FinalAndroidProject\app\src\main\java\com\example\healthylifehub\data\model\HealthMetric.java:31: warning: There are multiple good constructors and Room will pick the no-arg constructor. You can use the @Ignore annotation to eliminate unwanted constructors.
public class HealthMetric {
       ^
F:\Document\Android\FinalAndroidProject\app\src\main\java\com\example\healthylifehub\data\model\Reminder.java:21: warning: There are multiple good constructors and Room will pick the no-arg constructor. You can use the @Ignore annotation to eliminate unwanted constructors.
public class Reminder {
       ^
F:\Document\Android\FinalAndroidProject\app\src\main\java\com\example\healthylifehub\data\model\SyncStatus.java:19: warning: There are multiple good constructors and Room will pick the no-arg constructor. You can use the @Ignore annotation to eliminate unwanted constructors.
public class SyncStatus {
       ^
F:\Document\Android\FinalAndroidProject\app\src\main\java\com\example\healthylifehub\data\model\MedicalRecord.java:16: warning: There are multiple good constructors and Room will pick the no-arg constructor. You can use the @Ignore annotation to eliminate unwanted constructors.
public class MedicalRecord {
       ^
F:\Document\Android\FinalAndroidProject\app\src\main\java\com\example\healthylifehub\data\model\User.java:29: warning: There are multiple good constructors and Room will pick the no-arg constructor. You can use the @Ignore annotation to eliminate unwanted constructors.
public class User {
       ^
F:\Document\Android\FinalAndroidProject\app\src\main\java\com\example\healthylifehub\data\model\HealthMetric.java:31: warning: There are multiple good constructors and Room will pick the no-arg constructor. You can use the @Ignore annotation to eliminate unwanted constructors.
public class HealthMetric {
       ^
F:\Document\Android\FinalAndroidProject\app\src\main\java\com\example\healthylifehub\data\model\Reminder.java:21: warning: There are multiple good constructors and Room will pick the no-arg constructor. You can use the @Ignore annotation to eliminate unwanted constructors.
public class Reminder {
       ^
F:\Document\Android\FinalAndroidProject\app\src\main\java\com\example\healthylifehub\data\model\SyncStatus.java:19: warning: There are multiple good constructors and Room will pick the no-arg constructor. You can use the @Ignore annotation to eliminate unwanted constructors.
public class SyncStatus {
       ^
F:\Document\Android\FinalAndroidProject\app\src\main\java\com\example\healthylifehub\data\model\MedicalRecord.java:16: warning: There are multiple good constructors and Room will pick the no-arg constructor. You can use the @Ignore annotation to eliminate unwanted constructors.
public class MedicalRecord {
       ^
Note: Some input files use or override a deprecated API.
Note: Recompile with -Xlint:deprecation for details.
Note: Some input files use unchecked or unsafe operations.
Note: Recompile with -Xlint:unchecked for details.
10 warnings

> Task :app:dexBuilderRelease
> Task :app:mergeReleaseGlobalSynthetics
> Task :app:generateReleaseLintVitalReportModel
> Task :app:processReleaseJavaRes
> Task :app:bundleReleaseClassesToRuntimeJar
> Task :app:bundleReleaseClassesToCompileJar
> Task :app:lintAnalyzeDebugAndroidTest
> Task :app:lintAnalyzeDebugUnitTest
> Task :app:compileReleaseUnitTestJavaWithJavac
> Task :app:mergeReleaseJavaResource
> Task :app:testReleaseUnitTest
> Task :app:test
> Task :app:optimizeReleaseResources
> Task :app:mergeDexRelease
> Task :app:compileReleaseArtProfile
> Task :app:lintVitalAnalyzeRelease
> Task :app:lintVitalReportRelease SKIPPED
> Task :app:lintVitalRelease SKIPPED
> Task :app:lintAnalyzeDebug
> Task :app:packageRelease
> Task :app:createReleaseApkListingFileRedirect
> Task :app:assembleRelease
> Task :app:assemble

> Task :app:lintReportDebug
Wrote HTML report to file:///F:/Document/Android/FinalAndroidProject/app/build/reports/lint-results-debug.html

> Task :app:lintDebug
> Task :app:lint
> Task :app:check
> Task :app:build

[Incubating] Problems report is available at: file:///F:/Document/Android/FinalAndroidProject/build/reports/problems/problems-report.html

BUILD SUCCESSFUL in 56s
105 actionable tasks: 104 executed, 1 up-to-date
